// Vitest Snapshot v1, https://vitest.dev/guide/snapshot.html

exports[`SideBar > matches snapshot 1`] = `
"<aside data-v-ce868814="" class="sidebar">
  <nav data-v-ce868814="" class="sidebar-nav">
    <div data-v-ce868814="" class="sidebar-group"><button data-v-ce868814="" class="sidebar-group-title"><span data-v-ce868814="">Guide</span><svg data-v-ce868814="" class="sidebar-chevron open" xmlns="http://www.w3.org/2000/svg" width="14" height="14" viewBox="0 0 24 24" fill="none" stroke="currentColor" stroke-width="2" stroke-linecap="round" stroke-linejoin="round">
          <polyline data-v-ce868814="" points="9 18 15 12 9 6"></polyline>
        </svg></button>
      <div data-v-ce868814="" class="sidebar-group-items"><a data-v-ce868814="" href="/guide/intro" class="sidebar-link active">Introduction</a><a data-v-ce868814="" href="/guide/start" class="sidebar-link">Getting Started</a></div>
    </div>
    <div data-v-ce868814="" class="sidebar-group"><button data-v-ce868814="" class="sidebar-group-title"><span data-v-ce868814="">Reference</span><svg data-v-ce868814="" class="sidebar-chevron open" xmlns="http://www.w3.org/2000/svg" width="14" height="14" viewBox="0 0 24 24" fill="none" stroke="currentColor" stroke-width="2" stroke-linecap="round" stroke-linejoin="round">
          <polyline data-v-ce868814="" points="9 18 15 12 9 6"></polyline>
        </svg></button>
      <div data-v-ce868814="" class="sidebar-group-items"><a data-v-ce868814="" href="/reference/api" class="sidebar-link">API</a><a data-v-ce868814="" href="/reference/config" class="sidebar-link">Config</a></div>
    </div>
  </nav>
</aside>"
`;
